[NO_PID]: ECPGdebug: set to 1
[NO_PID]: sqlca: code: 0, state: 00000
[NO_PID]: ECPGconnect: opening database ecpg1_regression on <DEFAULT> port <DEFAULT>  
[NO_PID]: sqlca: code: 0, state: 00000
[NO_PID]: ECPGsetcommit on line 14: action "on"; connection "ecpg1_regression"
[NO_PID]: sqlca: code: 0, state: 00000
[NO_PID]: ecpg_execute on line 16: query: select * from json_table ( jsonb 'null' , '$[*]' as p0 columns ( foo int , bar int , baz int ) ) jt; with 0 parameter(s) on connection ecpg1_regression
[NO_PID]: sqlca: code: 0, state: 00000
[NO_PID]: ecpg_execute on line 16: using PQexec
[NO_PID]: sqlca: code: 0, state: 00000
[NO_PID]: ecpg_process_output on line 16: correctly got 1 tuples with 3 fields
[NO_PID]: sqlca: code: 0, state: 00000
[NO_PID]: raising sqlcode -202 on line 16: too few arguments on line 16
[NO_PID]: sqlca: code: -202, state: 07002
SQL error: too few arguments on line 16
[NO_PID]: ecpg_finish: connection ecpg1_regression closed
[NO_PID]: sqlca: code: 0, state: 00000
